// Jest Snapshot v1, https://goo.gl/fbAQLP

exports[`<Image /> renders correctly 1`] = `
<View
  height={500}
  source="https://images.pexels.com/photos/1166990/pexels-photo-1166990.jpeg?auto=compress&cs=tinysrgb&dpr=2&h=750&w=1260"
  style={
    Array [
      Object {
        "backgroundColor": "#d0d0db",
        "height": 500,
        "width": 500,
      },
    ]
  }
  thumbnailSource="https://images.pexels.com/photos/1166990/pexels-photo-1166990.jpeg?auto=compress&cs=tinysrgb&dpr=2&h=50&w=50"
  width={500}
>
  <Image
    blurRadius={0.5}
    fadeDuration={0}
    onLoadEnd={[Function]}
    source={
      Object {
        "uri": "https://images.pexels.com/photos/1166990/pexels-photo-1166990.jpeg?auto=compress&cs=tinysrgb&dpr=2&h=50&w=50",
      }
    }
    style={
      Object {
        "height": 500,
        "opacity": 0,
        "width": 500,
      }
    }
  />
  <Image
    fadeDuration={0}
    onLoadEnd={[Function]}
    source={
      Object {
        "uri": "https://images.pexels.com/photos/1166990/pexels-photo-1166990.jpeg?auto=compress&cs=tinysrgb&dpr=2&h=750&w=1260",
      }
    }
    style={
      Object {
        "bottom": 0,
        "height": 500,
        "left": 0,
        "opacity": 0,
        "position": "absolute",
        "right": 0,
        "top": 0,
        "width": 500,
      }
    }
  />
</View>
`;
