// Jest Snapshot v1, https://goo.gl/fbAQLP

exports[`<Label /> renders correctly 1`] = `
<View
  accessible={true}
  buttonPadding="0px 0px 0px 0px"
  default={false}
  height="auto"
  icon={Object {}}
  onPress={[Function]}
  onResponderGrant={[Function]}
  onResponderMove={[Function]}
  onResponderRelease={[Function]}
  onResponderTerminate={[Function]}
  onResponderTerminationRequest={[Function]}
  onStartShouldSetResponder={[Function]}
  outline={false}
  primary={false}
  style={
    Object {
      "alignItems": "center",
      "backgroundColor": "transparent",
      "borderColor": "black",
      "borderStyle": "solid",
      "borderWidth": 0,
      "display": "flex",
      "flexDirection": "row",
      "height": "auto",
      "justifyContent": "center",
      "marginBottom": 0,
      "marginLeft": 0,
      "marginRight": 0,
      "marginTop": 0,
      "paddingBottom": 0,
      "paddingLeft": 0,
      "paddingRight": 0,
      "paddingTop": 0,
      "transform": Array [
        Object {
          "scale": 1,
        },
      ],
      "width": "auto",
    }
  }
  text={null}
  width="auto"
>
  <View
    style={
      Array [
        Object {
          "alignItems": "flex-start",
          "display": "flex",
        },
      ]
    }
  >
    <View
      style={
        Array [
          Object {
            "marginRight": 0,
          },
        ]
      }
      tag={false}
    />
  </View>
  <View
    style={
      Array [
        Object {
          "position": "relative",
        },
      ]
    }
  >
    <View
      style={
        Array [
          Object {
            "marginBottom": 16,
            "marginLeft": 16,
            "marginRight": 0,
            "marginTop": 0,
          },
        ]
      }
    >
      <View
        height={180}
        source="http://192.168.0.100:7070/images/product1.jpg"
        style={
          Array [
            Object {
              "backgroundColor": "#d0d0db",
              "height": 180,
              "width": 180,
            },
          ]
        }
        thumbnailSource="http://192.168.0.100:7070/thumbs/product1.jpg"
        width={180}
      >
        <Image
          blurRadius={0.5}
          fadeDuration={0}
          onLoadEnd={[Function]}
          source={
            Object {
              "uri": "http://192.168.0.100:7070/thumbs/product1.jpg",
            }
          }
          style={
            Object {
              "height": 180,
              "opacity": 0,
              "width": 180,
            }
          }
        />
        <Image
          fadeDuration={0}
          onLoadEnd={[Function]}
          source={
            Object {
              "uri": "http://192.168.0.100:7070/images/product1.jpg",
            }
          }
          style={
            Object {
              "bottom": 0,
              "height": 180,
              "left": 0,
              "opacity": 0,
              "position": "absolute",
              "right": 0,
              "top": 0,
              "width": 180,
            }
          }
        />
      </View>
    </View>
    <View
      style={
        Array [
          Object {
            "bottom": 0,
            "position": "absolute",
          },
        ]
      }
    >
      <View
        default={false}
        label={
          Object {
            "default": true,
            "text": "40,99$",
          }
        }
        primary={true}
        style={
          Array [
            Object {
              "alignItems": "center",
              "backgroundColor": "#5197ff",
              "display": "flex",
              "height": 40,
              "justifyContent": "center",
              "width": 80,
            },
          ]
        }
      >
        <Text
          default={true}
          fontSize={16}
          margin="0px 0px 5px 0px"
          style={
            Array [
              Object {
                "alignSelf": "center",
                "color": "#ffffff",
                "fontFamily": "quicksand-bold",
                "fontSize": 16,
                "marginBottom": 5,
                "marginLeft": 0,
                "marginRight": 0,
                "marginTop": 0,
                "textAlign": "center",
                "textAlignVertical": "center",
              },
            ]
          }
          text="40,99$"
        >
          40,99$
        </Text>
      </View>
    </View>
  </View>
</View>
`;
