// Jest Snapshot v1, https://goo.gl/fbAQLP

exports[`<Tag /> renders correctly 1`] = `
<View
  height={50}
  primary={true}
  style={
    Array [
      Object {
        "alignItems": "center",
        "backgroundColor": "#5197ff",
        "borderRadius": 50,
        "display": "flex",
        "height": 50,
        "justifyContent": "center",
        "width": 50,
      },
    ]
  }
  width={50}
/>
`;
