// Jest Snapshot v1, https://goo.gl/fbAQLP

exports[`<TranslateAndOpacity /> renders correctly 1`] = `
<View
  style={
    Object {
      "opacity": 0,
      "transform": Array [
        Object {
          "translateX": 40,
        },
      ],
    }
  }
>
  <Text>
    Teste
  </Text>
</View>
`;
